npm notice run npx
npm notice run 'supabase' db advisors --local --type performance --level info --fail-on warn
Connecting to local database...
[
  {
    "name": "unindexed_foreign_keys",
    "title": "Unindexed foreign keys",
    "level": "INFO",
    "facing": "EXTERNAL",
    "categories": [
      "PERFORMANCE"
    ],
    "description": "Identifies foreign key constraints without a covering index, which can impact database performance.",
    "detail": "Table `public.chat_messages` has a foreign key `chat_messages_parent_message_id_thread_id_fkey` without a covering index. This can lead to suboptimal query performance.",
    "remediation": "https://supabase.com/docs/guides/database/database-linter?lint=0001_unindexed_foreign_keys",
    "metadata": {
      "name": "chat_messages",
      "type": "table",
      "schema": "public",
      "fkey_name": "chat_messages_parent_message_id_thread_id_fkey",
      "fkey_columns": [
        6,
        2
      ]
    },
    "cache_key": "unindexed_foreign_keys_public_chat_messages_chat_messages_parent_message_id_thread_id_fkey"
  },
  {
    "name": "unindexed_foreign_keys",
    "title": "Unindexed foreign keys",
    "level": "INFO",
    "facing": "EXTERNAL",
    "categories": [
      "PERFORMANCE"
    ],
    "description": "Identifies foreign key constraints without a covering index, which can impact database performance.",
    "detail": "Table `public.chat_messages` has a foreign key `chat_messages_thread_id_user_id_fkey` without a covering index. This can lead to suboptimal query performance.",
    "remediation": "https://supabase.com/docs/guides/database/database-linter?lint=0001_unindexed_foreign_keys",
    "metadata": {
      "name": "chat_messages",
      "type": "table",
      "schema": "public",
      "fkey_name": "chat_messages_thread_id_user_id_fkey",
      "fkey_columns": [
        2,
        3
      ]
    },
    "cache_key": "unindexed_foreign_keys_public_chat_messages_chat_messages_thread_id_user_id_fkey"
  },
  {
    "name": "unindexed_foreign_keys",
    "title": "Unindexed foreign keys",
    "level": "INFO",
    "facing": "EXTERNAL",
    "categories": [
      "PERFORMANCE"
    ],
    "description": "Identifies foreign key constraints without a covering index, which can impact database performance.",
    "detail": "Table `public.chat_messages` has a foreign key `chat_messages_user_id_fkey` without a covering index. This can lead to suboptimal query performance.",
    "remediation": "https://supabase.com/docs/guides/database/database-linter?lint=0001_unindexed_foreign_keys",
    "metadata": {
      "name": "chat_messages",
      "type": "table",
      "schema": "public",
      "fkey_name": "chat_messages_user_id_fkey",
      "fkey_columns": [
        3
      ]
    },
    "cache_key": "unindexed_foreign_keys_public_chat_messages_chat_messages_user_id_fkey"
  },
  {
    "name": "unindexed_foreign_keys",
    "title": "Unindexed foreign keys",
    "level": "INFO",
    "facing": "EXTERNAL",
    "categories": [
      "PERFORMANCE"
    ],
    "description": "Identifies foreign key constraints without a covering index, which can impact database performance.",
    "detail": "Table `public.chat_threads` has a foreign key `chat_threads_user_id_fkey` without a covering index. This can lead to suboptimal query performance.",
    "remediation": "https://supabase.com/docs/guides/database/database-linter?lint=0001_unindexed_foreign_keys",
    "metadata": {
      "name": "chat_threads",
      "type": "table",
      "schema": "public",
      "fkey_name": "chat_threads_user_id_fkey",
      "fkey_columns": [
        2
      ]
    },
    "cache_key": "unindexed_foreign_keys_public_chat_threads_chat_threads_user_id_fkey"
  },
  {
    "name": "unindexed_foreign_keys",
    "title": "Unindexed foreign keys",
    "level": "INFO",
    "facing": "EXTERNAL",
    "categories": [
      "PERFORMANCE"
    ],
    "description": "Identifies foreign key constraints without a covering index, which can impact database performance.",
    "detail": "Table `public.notification_log` has a foreign key `notification_log_user_id_fkey` without a covering index. This can lead to suboptimal query performance.",
    "remediation": "https://supabase.com/docs/guides/database/database-linter?lint=0001_unindexed_foreign_keys",
    "metadata": {
      "name": "notification_log",
      "type": "table",
      "schema": "public",
      "fkey_name": "notification_log_user_id_fkey",
      "fkey_columns": [
        2
      ]
    },
    "cache_key": "unindexed_foreign_keys_public_notification_log_notification_log_user_id_fkey"
  },
  {
    "name": "unindexed_foreign_keys",
    "title": "Unindexed foreign keys",
    "level": "INFO",
    "facing": "EXTERNAL",
    "categories": [
      "PERFORMANCE"
    ],
    "description": "Identifies foreign key constraints without a covering index, which can impact database performance.",
    "detail": "Table `public.one_time_tokens` has a foreign key `one_time_tokens_user_id_fkey` without a covering index. This can lead to suboptimal query performance.",
    "remediation": "https://supabase.com/docs/guides/database/database-linter?lint=0001_unindexed_foreign_keys",
    "metadata": {
      "name": "one_time_tokens",
      "type": "table",
      "schema": "public",
      "fkey_name": "one_time_tokens_user_id_fkey",
      "fkey_columns": [
        2
      ]
    },
    "cache_key": "unindexed_foreign_keys_public_one_time_tokens_one_time_tokens_user_id_fkey"
  },
  {
    "name": "unused_index",
    "title": "Unused Index",
    "level": "INFO",
    "facing": "EXTERNAL",
    "categories": [
      "PERFORMANCE"
    ],
    "description": "Detects if an index has never been used and may be a candidate for removal.",
    "detail": "Index `idx_patrol_entries_chain` on table `public.patrol_entries` has not been used",
    "remediation": "https://supabase.com/docs/guides/database/database-linter?lint=0005_unused_index",
    "metadata": {
      "name": "patrol_entries",
      "type": "table",
      "schema": "public"
    },
    "cache_key": "unused_index_public_patrol_entries_idx_patrol_entries_chain"
  },
  {
    "name": "unused_index",
    "title": "Unused Index",
    "level": "INFO",
    "facing": "EXTERNAL",
    "categories": [
      "PERFORMANCE"
    ],
    "description": "Detects if an index has never been used and may be a candidate for removal.",
    "detail": "Index `idx_feedback_trace` on table `public.feedback_signals` has not been used",
    "remediation": "https://supabase.com/docs/guides/database/database-linter?lint=0005_unused_index",
    "metadata": {
      "name": "feedback_signals",
      "type": "table",
      "schema": "public"
    },
    "cache_key": "unused_index_public_feedback_signals_idx_feedback_trace"
  },
  {
    "name": "unused_index",
    "title": "Unused Index",
    "level": "INFO",
    "facing": "EXTERNAL",
    "categories": [
      "PERFORMANCE"
    ],
    "description": "Detects if an index has never been used and may be a candidate for removal.",
    "detail": "Index `idx_one_time_tokens_expires` on table `public.one_time_tokens` has not been used",
    "remediation": "https://supabase.com/docs/guides/database/database-linter?lint=0005_unused_index",
    "metadata": {
      "name": "one_time_tokens",
      "type": "table",
      "schema": "public"
    },
    "cache_key": "unused_index_public_one_time_tokens_idx_one_time_tokens_expires"
  }
]
