npm notice run npx
npm notice run 'supabase' db start
Starting database...
17.6.1.143: Pulling from supabase/postgres
1c0396601337: Pulling fs layer
9918c0ca3fb2: Pulling fs layer
9760957a42e0: Pulling fs layer
b9965acde846: Pulling fs layer
75efb44ab4c9: Pulling fs layer
c9a5bdeb38c4: Pulling fs layer
1889860cc5fd: Pulling fs layer
c80343e291d0: Pulling fs layer
0d9502de34ca: Pulling fs layer
7c8f5e9f8055: Pulling fs layer
a25d0edefeeb: Pulling fs layer
f0199592d423: Pulling fs layer
e6f31ffc071e: Pulling fs layer
d03e110f15b3: Pulling fs layer
997211c7723e: Pulling fs layer
8972c7a7171b: Pulling fs layer
12102920ba5a: Pulling fs layer
55541ba25baf: Pulling fs layer
9fe841240ceb: Pulling fs layer
54b222fe0c5b: Pulling fs layer
f6bdea2be18c: Pulling fs layer
63215bcdb820: Pulling fs layer
530c3bcf58fd: Pulling fs layer
2ce0daa4dfbe: Pulling fs layer
60e903a27082: Pulling fs layer
37c7c2f4a5f2: Pulling fs layer
2acb3852c9cb: Pulling fs layer
ab651ad7651b: Pulling fs layer
24eb1e934cad: Pulling fs layer
b9965acde846: Download complete
9918c0ca3fb2: Download complete
c80343e291d0: Download complete
75efb44ab4c9: Download complete
f6bdea2be18c: Download complete
1889860cc5fd: Download complete
7c8f5e9f8055: Download complete
a25d0edefeeb: Download complete
f0199592d423: Download complete
9760957a42e0: Download complete
8972c7a7171b: Download complete
997211c7723e: Download complete
12102920ba5a: Download complete
63215bcdb820: Download complete
9fe841240ceb: Download complete
55541ba25baf: Download complete
2ce0daa4dfbe: Download complete
24eb1e934cad: Download complete
0d9502de34ca: Download complete
37c7c2f4a5f2: Download complete
2acb3852c9cb: Download complete
54b222fe0c5b: Download complete
1c0396601337: Download complete
530c3bcf58fd: Download complete
d03e110f15b3: Download complete
ab651ad7651b: Download complete
60e903a27082: Download complete
e6f31ffc071e: Download complete
e6f31ffc071e: Pull complete
4abfa98d576e: Download complete
9918c0ca3fb2: Pull complete
1c0396601337: Pull complete
c9a5bdeb38c4: Download complete
0d9502de34ca: Pull complete
54b222fe0c5b: Pull complete
d03e110f15b3: Pull complete
c9a5bdeb38c4: Pull complete
b9965acde846: Pull complete
c80343e291d0: Pull complete
75efb44ab4c9: Pull complete
f6bdea2be18c: Pull complete
7c8f5e9f8055: Pull complete
f0199592d423: Pull complete
8972c7a7171b: Pull complete
12102920ba5a: Pull complete
63215bcdb820: Pull complete
55541ba25baf: Pull complete
2acb3852c9cb: Pull complete
530c3bcf58fd: Pull complete
1889860cc5fd: Pull complete
a25d0edefeeb: Pull complete
9760957a42e0: Pull complete
997211c7723e: Pull complete
9fe841240ceb: Pull complete
2ce0daa4dfbe: Pull complete
24eb1e934cad: Pull complete
37c7c2f4a5f2: Pull complete
ab651ad7651b: Pull complete
60e903a27082: Pull complete
Digest: sha256:80d7b27c3e8d77cfa7226eee9508671796da214781ff15a35b3670d7ad5ee453
Status: Downloaded newer image for public.ecr.aws/supabase/postgres:17.6.1.143
Initialising schema...
v2.112.6: Pulling from supabase/realtime
4f4fb700ef54: Pulling fs layer
a6c402c1c1a7: Pulling fs layer
5c32499ab806: Pulling fs layer
4a9cfffa288e: Pulling fs layer
276a0b8305a2: Pulling fs layer
7ff4e6b4b099: Pulling fs layer
3982d643246d: Pulling fs layer
d71214b4506e: Pulling fs layer
21b7c3f31e06: Pulling fs layer
7b18341145e7: Pulling fs layer
c651f6fbec0a: Pulling fs layer
2422c2c034eb: Pulling fs layer
4f4fb700ef54: Download complete
2422c2c034eb: Download complete
3982d643246d: Download complete
21b7c3f31e06: Download complete
a6c402c1c1a7: Download complete
775c8ab07395: Download complete
d71214b4506e: Download complete
7b18341145e7: Download complete
4a9cfffa288e: Download complete
c651f6fbec0a: Download complete
276a0b8305a2: Download complete
5c32499ab806: Download complete
5c32499ab806: Pull complete
7ff4e6b4b099: Download complete
7ff4e6b4b099: Pull complete
2422c2c034eb: Pull complete
a6c402c1c1a7: Pull complete
7b18341145e7: Pull complete
c651f6fbec0a: Pull complete
21b7c3f31e06: Pull complete
d71214b4506e: Pull complete
4a9cfffa288e: Pull complete
4f4fb700ef54: Pull complete
3982d643246d: Pull complete
276a0b8305a2: Pull complete
Digest: sha256:7b56da34216fd568042be043900d15cdd33c2c48c2116c9a333f9465255da80d
Status: Downloaded newer image for public.ecr.aws/supabase/realtime:v2.112.6
v1.62.5: Pulling from supabase/storage-api
b6d85ef1ea27: Pulling fs layer
e5723cc41baf: Pulling fs layer
f41c2ed3946e: Pulling fs layer
52cd27cac02e: Pulling fs layer
09ddda476dba: Pulling fs layer
16733d1099a5: Pulling fs layer
0d8aa8e026f1: Pulling fs layer
55468a10f7b3: Pulling fs layer
e958952de594: Pulling fs layer
a7537cf4b694: Pulling fs layer
cc2ec52924e2: Pulling fs layer
d2f04496a183: Pulling fs layer
a7537cf4b694: Download complete
b6d85ef1ea27: Download complete
0d8aa8e026f1: Download complete
52cd27cac02e: Download complete
cc2ec52924e2: Download complete
55468a10f7b3: Download complete
09ddda476dba: Download complete
f41c2ed3946e: Download complete
c69089b9953a: Download complete
e5723cc41baf: Download complete
16733d1099a5: Download complete
16733d1099a5: Pull complete
09ddda476dba: Pull complete
e958952de594: Download complete
0d8aa8e026f1: Pull complete
d2f04496a183: Download complete
d2f04496a183: Pull complete
a7537cf4b694: Pull complete
b6d85ef1ea27: Pull complete
52cd27cac02e: Pull complete
55468a10f7b3: Pull complete
e5723cc41baf: Pull complete
e958952de594: Pull complete
cc2ec52924e2: Pull complete
f41c2ed3946e: Pull complete
Digest: sha256:1dbe962d9862ef12e20357f9d7ba5431989c1daf4a556d6cb20ee4efd1c57320
Status: Downloaded newer image for public.ecr.aws/supabase/storage-api:v1.62.5
v2.192.0: Pulling from supabase/gotrue
03bc85a5a5ef: Pulling fs layer
55afa1ecc21d: Pulling fs layer
565df2d910df: Pulling fs layer
dc286a8aa197: Pulling fs layer
79ee4066848c: Pulling fs layer
4b1c10f5635f: Pulling fs layer
03bc85a5a5ef: Download complete
4b1c10f5635f: Download complete
565df2d910df: Download complete
dc286a8aa197: Download complete
55afa1ecc21d: Download complete
3de5a516a9c6: Download complete
565df2d910df: Pull complete
55afa1ecc21d: Pull complete
dc286a8aa197: Pull complete
79ee4066848c: Download complete
03bc85a5a5ef: Pull complete
4b1c10f5635f: Pull complete
79ee4066848c: Pull complete
Digest: sha256:b252efb680be37d4a8bf77c210cf0439c19b63a4b51929233a65dd101d25bdab
Status: Downloaded newer image for public.ecr.aws/supabase/gotrue:v2.192.0
Seeding globals from roles.sql...
Applying migration 20260709171312_0001_identity.sql...
Applying migration 20260709171336_0002_health.sql...
Applying migration 20260709171359_0003_intelligence.sql...
Applying migration 20260709171417_0004_comms.sql...
Applying migration 20260709171953_0005_integrations.sql...
Applying migration 20260709172043_0006_harden_rls_auto_enable_execute.sql...
Applying migration 20260710182949_reconcile_contract_spine.sql...
